\BOOKMARK [1][-]{section.1}{\376\377\000I\000n\000t\000r\000o\000d\000u\000c\000t\000i\000o\000n}{}% 1
\BOOKMARK [2][-]{subsection.1.1}{\376\377\000M\000o\000t\000i\000v\000a\000t\000i\000o\000n}{section.1}% 2
\BOOKMARK [2][-]{subsection.1.2}{\376\377\000T\000h\000r\000e\000e\000\040\000F\000u\000n\000d\000a\000m\000e\000n\000t\000a\000l\000\040\000C\000h\000a\000l\000l\000e\000n\000g\000e\000s}{section.1}% 3
\BOOKMARK [2][-]{subsection.1.3}{\376\377\000L\000i\000m\000i\000t\000a\000t\000i\000o\000n\000s\000\040\000o\000f\000\040\000E\000x\000i\000s\000t\000i\000n\000g\000\040\000A\000p\000p\000r\000o\000a\000c\000h\000e\000s}{section.1}% 4
\BOOKMARK [2][-]{subsection.1.4}{\376\377\000O\000u\000r\000\040\000A\000p\000p\000r\000o\000a\000c\000h\000:\000\040\000C\000F\000D\000-\000L\000o\000c}{section.1}% 5
\BOOKMARK [2][-]{subsection.1.5}{\376\377\000C\000o\000n\000t\000r\000i\000b\000u\000t\000i\000o\000n\000s}{section.1}% 6
\BOOKMARK [1][-]{section.2}{\376\377\000R\000e\000l\000a\000t\000e\000d\000\040\000W\000o\000r\000k}{}% 7
\BOOKMARK [2][-]{subsection.2.1}{\376\377\000R\000e\000w\000a\000r\000d\000\040\000F\000u\000n\000c\000t\000i\000o\000n\000\040\000D\000e\000b\000u\000g\000g\000i\000n\000g}{section.2}% 8
\BOOKMARK [2][-]{subsection.2.2}{\376\377\000M\000e\000t\000a\000m\000o\000r\000p\000h\000i\000c\000\040\000T\000e\000s\000t\000i\000n\000g}{section.2}% 9
\BOOKMARK [2][-]{subsection.2.3}{\376\377\000C\000o\000u\000n\000t\000e\000r\000f\000a\000c\000t\000u\000a\000l\000\040\000C\000a\000u\000s\000a\000l\000\040\000A\000n\000a\000l\000y\000s\000i\000s}{section.2}% 10
\BOOKMARK [2][-]{subsection.2.4}{\376\377\000L\000L\000M\000s\000\040\000i\000n\000\040\000A\000u\000t\000o\000n\000o\000m\000o\000u\000s\000\040\000D\000r\000i\000v\000i\000n\000g}{section.2}% 11
\BOOKMARK [1][-]{section.3}{\376\377\000P\000r\000e\000l\000i\000m\000i\000n\000a\000r\000i\000e\000s\000\040\000a\000n\000d\000\040\000P\000r\000o\000b\000l\000e\000m\000\040\000F\000o\000r\000m\000u\000l\000a\000t\000i\000o\000n}{}% 12
\BOOKMARK [2][-]{subsection.3.1}{\376\377\000S\000y\000s\000t\000e\000m\000\040\000M\000o\000d\000e\000l}{section.3}% 13
\BOOKMARK [2][-]{subsection.3.2}{\376\377\000D\000r\000i\000v\000i\000n\000g\000\040\000I\000n\000v\000a\000r\000i\000a\000n\000t\000s}{section.3}% 14
\BOOKMARK [2][-]{subsection.3.3}{\376\377\000F\000e\000a\000t\000u\000r\000e\000\040\000S\000p\000a\000c\000e\000\040\000a\000n\000d\000\040\000D\000e\000f\000e\000c\000t\000s}{section.3}% 15
\BOOKMARK [2][-]{subsection.3.4}{\376\377\000P\000r\000o\000b\000l\000e\000m\000\040\000S\000t\000a\000t\000e\000m\000e\000n\000t}{section.3}% 16
\BOOKMARK [1][-]{section.4}{\376\377\000T\000h\000e\000\040\000C\000F\000D\000-\000L\000o\000c\000\040\000F\000r\000a\000m\000e\000w\000o\000r\000k}{}% 17
\BOOKMARK [2][-]{subsection.4.1}{\376\377\000O\000v\000e\000r\000v\000i\000e\000w}{section.4}% 18
\BOOKMARK [2][-]{subsection.4.2}{\376\377\000S\000t\000a\000g\000e\000\040\0001\000:\000\040\000I\000n\000v\000a\000r\000i\000a\000n\000t\000\040\000L\000i\000b\000r\000a\000r\000y}{section.4}% 19
\BOOKMARK [2][-]{subsection.4.3}{\376\377\000S\000t\000a\000g\000e\000\040\0002\000:\000\040\000A\000n\000o\000m\000a\000l\000y\000\040\000D\000e\000t\000e\000c\000t\000i\000o\000n\000\040\000a\000n\000d\000\040\000H\000y\000p\000o\000t\000h\000e\000s\000i\000s\000\040\000G\000e\000n\000e\000r\000a\000t\000i\000o\000n}{section.4}% 20
\BOOKMARK [2][-]{subsection.4.4}{\376\377\000S\000t\000a\000g\000e\000\040\0003\000:\000\040\000C\000o\000u\000n\000t\000e\000r\000f\000a\000c\000t\000u\000a\000l\000\040\000M\000u\000t\000a\000t\000i\000o\000n}{section.4}% 21
\BOOKMARK [3][-]{algorithm.1}{\376\377\000M\000u\000t\000a\000t\000i\000o\000n\000\040\000A\000l\000g\000o\000r\000i\000t\000h\000m}{subsection.4.4}% 22
\BOOKMARK [2][-]{subsection.4.5}{\376\377\000S\000t\000a\000g\000e\000\040\0004\000:\000\040\000D\000i\000a\000g\000n\000o\000s\000i\000s}{section.4}% 23
\BOOKMARK [1][-]{section.5}{\376\377\000E\000x\000p\000e\000r\000i\000m\000e\000n\000t\000a\000l\000\040\000S\000e\000t\000u\000p}{}% 24
\BOOKMARK [2][-]{subsection.5.1}{\376\377\000R\000e\000s\000e\000a\000r\000c\000h\000\040\000Q\000u\000e\000s\000t\000i\000o\000n\000s}{section.5}% 25
\BOOKMARK [2][-]{subsection.5.2}{\376\377\000P\000l\000a\000t\000f\000o\000r\000m}{section.5}% 26
\BOOKMARK [2][-]{subsection.5.3}{\376\377\000D\000e\000f\000e\000c\000t\000\040\000T\000a\000x\000o\000n\000o\000m\000y}{section.5}% 27
\BOOKMARK [2][-]{subsection.5.4}{\376\377\000B\000a\000s\000e\000l\000i\000n\000e\000s}{section.5}% 28
\BOOKMARK [2][-]{subsection.5.5}{\376\377\000M\000e\000t\000r\000i\000c\000s}{section.5}% 29
\BOOKMARK [1][-]{section.6}{\376\377\000R\000e\000s\000u\000l\000t\000s\000\040\000a\000n\000d\000\040\000A\000n\000a\000l\000y\000s\000i\000s}{}% 30
\BOOKMARK [2][-]{subsection.6.1}{\376\377\000R\000Q\0001\000:\000\040\000D\000e\000f\000e\000c\000t\000\040\000L\000o\000c\000a\000l\000i\000z\000a\000t\000i\000o\000n\000\040\000A\000c\000c\000u\000r\000a\000c\000y}{section.6}% 31
\BOOKMARK [3][-]{figure.caption.10}{\376\377\000P\000e\000r\000-\000D\000e\000f\000e\000c\000t\000\040\000B\000r\000e\000a\000k\000d\000o\000w\000n}{subsection.6.1}% 32
\BOOKMARK [3][-]{subsubsection.6.1.2}{\376\377\000R\000Q\0001\000\040\000A\000n\000a\000l\000y\000s\000i\000s}{subsection.6.1}% 33
\BOOKMARK [2][-]{subsection.6.2}{\376\377\000R\000Q\0002\000:\000\040\000A\000b\000l\000a\000t\000i\000o\000n\000\040\000S\000t\000u\000d\000i\000e\000s}{section.6}% 34
\BOOKMARK [3][-]{subsubsection.6.2.1}{\376\377\000C\000o\000m\000p\000o\000n\000e\000n\000t\000\040\000A\000n\000a\000l\000y\000s\000i\000s}{subsection.6.2}% 35
\BOOKMARK [2][-]{subsection.6.3}{\376\377\000R\000Q\0003\000:\000\040\000E\000f\000f\000i\000c\000i\000e\000n\000c\000y\000\040\000A\000n\000a\000l\000y\000s\000i\000s}{section.6}% 36
\BOOKMARK [2][-]{subsection.6.4}{\376\377\000R\000Q\0004\000:\000\040\000R\000o\000b\000u\000s\000t\000n\000e\000s\000s\000\040\000A\000n\000a\000l\000y\000s\000i\000s}{section.6}% 37
\BOOKMARK [2][-]{subsection.6.5}{\376\377\000S\000t\000a\000t\000i\000s\000t\000i\000c\000a\000l\000\040\000S\000i\000g\000n\000i\000f\000i\000c\000a\000n\000c\000e}{section.6}% 38
\BOOKMARK [1][-]{section.7}{\376\377\000C\000a\000s\000e\000\040\000S\000t\000u\000d\000i\000e\000s}{}% 39
\BOOKMARK [2][-]{subsection.7.1}{\376\377\000C\000a\000s\000e\000\040\000S\000t\000u\000d\000y\000\040\0001\000:\000\040\000D\0001\000\040\040\023\000\040\000M\000i\000s\000s\000i\000n\000g\000\040\000R\000e\000l\000a\000t\000i\000v\000e\000\040\000V\000e\000l\000o\000c\000i\000t\000y\000\040\000\050\000v\000\051}{section.7}% 40
\BOOKMARK [2][-]{subsection.7.2}{\376\377\000C\000a\000s\000e\000\040\000S\000t\000u\000d\000y\000\040\0002\000:\000\040\000D\0005\000\040\040\023\000\040\000M\000i\000s\000s\000i\000n\000g\000\040\000L\000a\000t\000e\000r\000a\000l\000\040\000O\000v\000e\000r\000l\000a\000p\000\040\000R\000a\000t\000i\000o\000\040\000\050\000\051}{section.7}% 41
\BOOKMARK [2][-]{subsection.7.3}{\376\377\000C\000a\000s\000e\000\040\000S\000t\000u\000d\000y\000\040\0003\000:\000\040\000D\0006\000\040\040\023\000\040\000C\000o\000m\000f\000o\000r\000t\000\040\000v\000s\000.\000\040\000S\000a\000f\000e\000t\000y\000\040\000W\000e\000i\000g\000h\000t\000\040\000I\000m\000b\000a\000l\000a\000n\000c\000e}{section.7}% 42
\BOOKMARK [2][-]{subsection.7.4}{\376\377\000S\000u\000m\000m\000a\000r\000y\000\040\000o\000f\000\040\000C\000a\000s\000e\000\040\000S\000t\000u\000d\000i\000e\000s}{section.7}% 43
\BOOKMARK [1][-]{section.8}{\376\377\000D\000i\000s\000c\000u\000s\000s\000i\000o\000n}{}% 44
\BOOKMARK [2][-]{subsection.8.1}{\376\377\000T\000h\000r\000e\000a\000t\000s\000\040\000t\000o\000\040\000V\000a\000l\000i\000d\000i\000t\000y}{section.8}% 45
\BOOKMARK [2][-]{subsection.8.2}{\376\377\000L\000i\000m\000i\000t\000a\000t\000i\000o\000n\000s}{section.8}% 46
\BOOKMARK [2][-]{subsection.8.3}{\376\377\000P\000r\000a\000c\000t\000i\000c\000a\000l\000\040\000I\000m\000p\000l\000i\000c\000a\000t\000i\000o\000n\000s}{section.8}% 47
\BOOKMARK [1][-]{section.9}{\376\377\000C\000o\000n\000c\000l\000u\000s\000i\000o\000n\000s\000\040\000a\000n\000d\000\040\000F\000u\000t\000u\000r\000e\000\040\000W\000o\000r\000k}{}% 48
\BOOKMARK [2][-]{subsection.9.1}{\376\377\000S\000u\000m\000m\000a\000r\000y}{section.9}% 49
\BOOKMARK [2][-]{subsection.9.2}{\376\377\000F\000u\000t\000u\000r\000e\000\040\000W\000o\000r\000k}{section.9}% 50
\BOOKMARK [1][-]{section*.18}{\376\377\000A\000p\000p\000e\000n\000d\000i\000x\000\040\000A\000:\000\040\000A\000d\000d\000i\000t\000i\000o\000n\000a\000l\000\040\000E\000x\000p\000e\000r\000i\000m\000e\000n\000t\000a\000l\000\040\000R\000e\000s\000u\000l\000t\000s\000\040\000a\000n\000d\000\040\000D\000e\000t\000a\000i\000l\000s}{}% 51
\BOOKMARK [2][-]{subsection.Appendix.A.1}{\376\377\000D\000e\000t\000a\000i\000l\000e\000d\000\040\000A\000n\000a\000l\000y\000s\000i\000s\000\040\000o\000f\000\040\000D\000e\000f\000e\000c\000t\000\040\000L\000o\000c\000a\000l\000i\000z\000a\000t\000i\000o\000n\000\040\000D\000i\000f\000f\000i\000c\000u\000l\000t\000i\000e\000s}{section*.18}% 52
\BOOKMARK [2][-]{subsection.Appendix.A.2}{\376\377\000C\000o\000m\000p\000a\000r\000i\000s\000o\000n\000\040\000w\000i\000t\000h\000\040\000S\000t\000a\000t\000e\000-\000o\000f\000-\000t\000h\000e\000-\000A\000r\000t\000\040\000o\000n\000\040\000N\000o\000n\000-\000D\000r\000i\000v\000i\000n\000g\000\040\000D\000o\000m\000a\000i\000n\000s}{section*.18}% 53
\BOOKMARK [2][-]{subsection.Appendix.A.3}{\376\377\000C\000o\000n\000f\000u\000s\000i\000o\000n\000\040\000M\000a\000t\000r\000i\000x\000\040\000\050\000A\000l\000l\000\040\000M\000e\000t\000h\000o\000d\000s\000\051}{section*.18}% 54
\BOOKMARK [2][-]{subsection.Appendix.A.4}{\376\377\000P\000e\000r\000-\000S\000c\000e\000n\000a\000r\000i\000o\000\040\000B\000r\000e\000a\000k\000d\000o\000w\000n}{section*.18}% 55
\BOOKMARK [2][-]{subsection.Appendix.A.5}{\376\377\000L\000L\000M\000\040\000H\000y\000p\000o\000t\000h\000e\000s\000i\000s\000\040\000Q\000u\000a\000l\000i\000t\000y}{section*.18}% 56
\BOOKMARK [2][-]{subsection.Appendix.A.6}{\376\377\000D\000e\000t\000a\000i\000l\000e\000d\000\040\000A\000l\000g\000o\000r\000i\000t\000h\000m\000\040\000P\000s\000e\000u\000d\000o\000c\000o\000d\000e}{section*.18}% 57
\BOOKMARK [2][-]{subsection.Appendix.A.7}{\376\377\000I\000n\000v\000a\000r\000i\000a\000n\000t\000\040\000F\000o\000r\000m\000a\000l\000i\000z\000a\000t\000i\000o\000n\000\040\000\050\000C\000o\000m\000p\000l\000e\000t\000e\000\051}{section*.18}% 58
\BOOKMARK [2][-]{subsection.Appendix.A.8}{\376\377\000R\000e\000s\000u\000l\000t\000\040\000V\000i\000s\000u\000a\000l\000i\000z\000a\000t\000i\000o\000n\000\040\000G\000a\000l\000l\000e\000r\000y}{section*.18}% 59
